﻿
> tasneemweb@0.0.0 build
> vite build

[36mvite v8.0.0-beta.16 [32mbuilding client environment for production...[36m[39m
[2K
transforming...ظ£ô 2131 modules transformed.
node.exe : 
[31mظ£ù[39m Build 
failed in 504ms
At line:1 char:1
+ & "C:\Program Files
\nodejs/node.exe" 
"C:\Program 
Files\nodejs/node_mo 
...
+ ~~~~~~~~~~~~~~~~~~~
~~~~~~~~~~~~~~~~~~~~~
~~~~~~~~~~~~~~~~~~~~~
~~~~~~~~
    + CategoryInfo   
           : NotSpe  
  cified: ([31mظ£   
 ù[39m Build fai    
led in 504ms:Str    
ing) [], RemoteE    
xception
    + FullyQualified 
   ErrorId : Native  
  CommandError
 
[31merror during 
build:
[31mBuild failed 
with 1 error:

[plugin vite:css] C:/
Users/ammne/Desktop/t
hewem/TasneemWeb/src/
index.css:7:4
CssSyntaxError: 
[postcss] C:/Users/am
mne/Desktop/thewem/Ta
sneemWeb/src/index.cs
s:7:5: The `shadow-[0
_4px_30px_rgba(0,` 
class does not 
exist. If `shadow-[0_
4px_30px_rgba(0,` is 
a custom class, make 
sure it is defined 
within a `@layer` 
directive.
    at Input.error (C
:\Users\ammne\Desktop
\thewem\TasneemWeb\no
de_modules\postcss\li
b\input.js:135:16)
    at AtRule.error (
C:\Users\ammne\Deskto
p\thewem\TasneemWeb\n
ode_modules\postcss\l
ib\node.js:146:32)
    at processApply (
C:\Users\ammne\Deskto
p\thewem\TasneemWeb\n
ode_modules\tailwindc
ss\lib\lib\expandAppl
yAtRules.js:380:29)
    at C:\Users\ammne
\Desktop\thewem\Tasne
emWeb\node_modules\ta
ilwindcss\lib\lib\exp
andApplyAtRules.js:55
1:9
    at C:\Users\ammne
\Desktop\thewem\Tasne
emWeb\node_modules\ta
ilwindcss\lib\process
TailwindFeatures.js:5
5:50
    at async plugins 
(C:\Users\ammne\Deskt
op\thewem\TasneemWeb\
node_modules\tailwind
css\lib\plugin.js:38:
17)
    at async 
LazyResult.runAsync (
C:\Users\ammne\Deskto
p\thewem\TasneemWeb\n
ode_modules\postcss\l
ib\lazy-result.js:293
:11)
    at async 
runPostCSS (file:///C
:/Users/ammne/Desktop
/thewem/TasneemWeb/no
de_modules/vite/dist/
node/chunks/node.js:2
1288:19)
    at async 
compilePostCSS (file:
///C:/Users/ammne/Des
ktop/thewem/TasneemWe
b/node_modules/vite/d
ist/node/chunks/node.
js:21272:6)
    at async 
compileCSS (file:///C
:/Users/ammne/Desktop
/thewem/TasneemWeb/no
de_modules/vite/dist/
node/chunks/node.js:2
1202:26)[31m
    at aggregateBindi
ngErrorsIntoJsError (
file:///C:/Users/ammn
e/Desktop/thewem/Tasn
eemWeb/node_modules/r
olldown/dist/shared/e
rror-BYPsvVEN.mjs:52:
18)
    at 
unwrapBindingResult (
file:///C:/Users/ammn
e/Desktop/thewem/Tasn
eemWeb/node_modules/r
olldown/dist/shared/e
rror-BYPsvVEN.mjs:22:
128)
    at #build (file:/
//C:/Users/ammne/Desk
top/thewem/TasneemWeb
/node_modules/rolldow
n/dist/shared/rolldow
n-build-BsRSEDqH.mjs:
3356:34)
    at async 
buildEnvironment (fil
e:///C:/Users/ammne/D
esktop/thewem/Tasneem
Web/node_modules/vite
/dist/node/chunks/nod
e.js:32703:64)
    at async 
Object.build (file://
/C:/Users/ammne/Deskt
op/thewem/TasneemWeb/
node_modules/vite/dis
t/node/chunks/node.js
:33125:19)
    at async 
Object.buildApp (file
:///C:/Users/ammne/De
sktop/thewem/TasneemW
eb/node_modules/vite/
dist/node/chunks/node
.js:33122:153)
    at async 
CAC.<anonymous> (file
:///C:/Users/ammne/De
sktop/thewem/TasneemW
eb/node_modules/vite/
dist/node/cli.js:642:
3) {
  errors: 
[Getter/Setter]
}[39m
